HTMLCS running without storage state for public job
Auditing (Playwright + HTMLCS): https://faunarobotics.com/...
Using HTMLCS from: /Users/user/code/systemic-accessibility-analyzer/tools/tool_runners/html_sniffer_runner/node_modules/html_codesniffer/build/HTMLCS.js
Successfully saved faunarobotics.com.json
HTMLCS running without storage state for public job
Auditing (Playwright + HTMLCS): https://faunarobotics.com/product...
Using HTMLCS from: /Users/user/code/systemic-accessibility-analyzer/tools/tool_runners/html_sniffer_runner/node_modules/html_codesniffer/build/HTMLCS.js
Successfully saved faunarobotics.com-product.json
HTMLCS running without storage state for public job
Auditing (Playwright + HTMLCS): https://faunarobotics.com/company...
Using HTMLCS from: /Users/user/code/systemic-accessibility-analyzer/tools/tool_runners/html_sniffer_runner/node_modules/html_codesniffer/build/HTMLCS.js
Successfully saved faunarobotics.com-company.json
HTMLCS running without storage state for public job
Auditing (Playwright + HTMLCS): https://faunarobotics.com/news...
Using HTMLCS from: /Users/user/code/systemic-accessibility-analyzer/tools/tool_runners/html_sniffer_runner/node_modules/html_codesniffer/build/HTMLCS.js
Successfully saved faunarobotics.com-news.json
HTMLCS running without storage state for public job
Auditing (Playwright + HTMLCS): https://faunarobotics.com/data-processing...
Using HTMLCS from: /Users/user/code/systemic-accessibility-analyzer/tools/tool_runners/html_sniffer_runner/node_modules/html_codesniffer/build/HTMLCS.js
Successfully saved faunarobotics.com-data-processing.json
HTMLCS run complete.
