IBM running without storage state for public job
IBM loading page: https://faunarobotics.com/
IBM extracting body HTML: https://faunarobotics.com/
IBM HTML size for https://faunarobotics.com/: 37278
IBM running checker: https://faunarobotics.com/
IBM finished checker: https://faunarobotics.com/
Saved IBM report: /Users/user/code/systemic-accessibility-analyzer/tools/jobs/faunarobotics-20260728-174103/reports/ibm/faunarobotics.com.json (0 violations found)
IBM running without storage state for public job
IBM loading page: https://faunarobotics.com/product
IBM extracting body HTML: https://faunarobotics.com/product
IBM HTML size for https://faunarobotics.com/product: 63599
IBM running checker: https://faunarobotics.com/product
IBM finished checker: https://faunarobotics.com/product
Saved IBM report: /Users/user/code/systemic-accessibility-analyzer/tools/jobs/faunarobotics-20260728-174103/reports/ibm/faunarobotics.com-product.json (0 violations found)
IBM running without storage state for public job
IBM loading page: https://faunarobotics.com/company
IBM extracting body HTML: https://faunarobotics.com/company
IBM HTML size for https://faunarobotics.com/company: 24945
IBM running checker: https://faunarobotics.com/company
IBM finished checker: https://faunarobotics.com/company
Saved IBM report: /Users/user/code/systemic-accessibility-analyzer/tools/jobs/faunarobotics-20260728-174103/reports/ibm/faunarobotics.com-company.json (0 violations found)
IBM running without storage state for public job
IBM loading page: https://faunarobotics.com/news
IBM extracting body HTML: https://faunarobotics.com/news
IBM HTML size for https://faunarobotics.com/news: 13273
IBM running checker: https://faunarobotics.com/news
IBM finished checker: https://faunarobotics.com/news
Saved IBM report: /Users/user/code/systemic-accessibility-analyzer/tools/jobs/faunarobotics-20260728-174103/reports/ibm/faunarobotics.com-news.json (0 violations found)
IBM running without storage state for public job
IBM loading page: https://faunarobotics.com/data-processing
IBM extracting body HTML: https://faunarobotics.com/data-processing
IBM HTML size for https://faunarobotics.com/data-processing: 24436
IBM running checker: https://faunarobotics.com/data-processing
IBM finished checker: https://faunarobotics.com/data-processing
Saved IBM report: /Users/user/code/systemic-accessibility-analyzer/tools/jobs/faunarobotics-20260728-174103/reports/ibm/faunarobotics.com-data-processing.json (0 violations found)
