Oobee running without storage state for public job
Navigating to: https://faunarobotics.com/
Scanning with Oobee...
Saved results to: /Users/user/code/systemic-accessibility-analyzer/tools/jobs/faunarobotics-20260728-174103/reports/oobee/faunarobotics.com.json
Oobee running without storage state for public job
Navigating to: https://faunarobotics.com/product
Scanning with Oobee...
(node:62084) Warning: The 'import-in-the-middle' hook has already been initialized
(Use `node --trace-warnings ...` to show where the warning was created)
Saved results to: /Users/user/code/systemic-accessibility-analyzer/tools/jobs/faunarobotics-20260728-174103/reports/oobee/faunarobotics.com-product.json
Oobee running without storage state for public job
Navigating to: https://faunarobotics.com/company
Scanning with Oobee...
(node:62084) Warning: The 'import-in-the-middle' hook has already been initialized
Saved results to: /Users/user/code/systemic-accessibility-analyzer/tools/jobs/faunarobotics-20260728-174103/reports/oobee/faunarobotics.com-company.json
Oobee running without storage state for public job
Navigating to: https://faunarobotics.com/news
Scanning with Oobee...
(node:62084) Warning: The 'import-in-the-middle' hook has already been initialized
Saved results to: /Users/user/code/systemic-accessibility-analyzer/tools/jobs/faunarobotics-20260728-174103/reports/oobee/faunarobotics.com-news.json
Oobee running without storage state for public job
Navigating to: https://faunarobotics.com/data-processing
Scanning with Oobee...
(node:62084) Warning: The 'import-in-the-middle' hook has already been initialized
Saved results to: /Users/user/code/systemic-accessibility-analyzer/tools/jobs/faunarobotics-20260728-174103/reports/oobee/faunarobotics.com-data-processing.json
