Generating visual preview and tab map: https://faunarobotics.com/
Landed on: https://faunarobotics.com/
Saved visual preview: /Users/user/code/systemic-accessibility-analyzer/tools/jobs/faunarobotics-20260728-174103/reports/visual-preview/faunarobotics.com.png
Saved tab map: /Users/user/code/systemic-accessibility-analyzer/tools/jobs/faunarobotics-20260728-174103/reports/tab-map/faunarobotics.com.png
Generating visual preview and tab map: https://faunarobotics.com/product
Landed on: https://faunarobotics.com/product
Saved visual preview: /Users/user/code/systemic-accessibility-analyzer/tools/jobs/faunarobotics-20260728-174103/reports/visual-preview/faunarobotics.com-product.png
Saved tab map: /Users/user/code/systemic-accessibility-analyzer/tools/jobs/faunarobotics-20260728-174103/reports/tab-map/faunarobotics.com-product.png
Generating visual preview and tab map: https://faunarobotics.com/company
Landed on: https://faunarobotics.com/company
Saved visual preview: /Users/user/code/systemic-accessibility-analyzer/tools/jobs/faunarobotics-20260728-174103/reports/visual-preview/faunarobotics.com-company.png
Saved tab map: /Users/user/code/systemic-accessibility-analyzer/tools/jobs/faunarobotics-20260728-174103/reports/tab-map/faunarobotics.com-company.png
Generating visual preview and tab map: https://faunarobotics.com/news
Landed on: https://faunarobotics.com/news
Saved visual preview: /Users/user/code/systemic-accessibility-analyzer/tools/jobs/faunarobotics-20260728-174103/reports/visual-preview/faunarobotics.com-news.png
Saved tab map: /Users/user/code/systemic-accessibility-analyzer/tools/jobs/faunarobotics-20260728-174103/reports/tab-map/faunarobotics.com-news.png
Generating visual preview and tab map: https://faunarobotics.com/data-processing
Landed on: https://faunarobotics.com/data-processing
Saved visual preview: /Users/user/code/systemic-accessibility-analyzer/tools/jobs/faunarobotics-20260728-174103/reports/visual-preview/faunarobotics.com-data-processing.png
Saved tab map: /Users/user/code/systemic-accessibility-analyzer/tools/jobs/faunarobotics-20260728-174103/reports/tab-map/faunarobotics.com-data-processing.png
Saved tab map manifest: /Users/user/code/systemic-accessibility-analyzer/tools/jobs/faunarobotics-20260728-174103/reports/tab-map/manifest.json
