Running without storage state
Virtual screenreader loading: https://faunarobotics.com/
virtual.detect: true
body child count: 16
initial lastSpokenPhrase: document
virtual guard count: 305
spokenPhraseLog length: 306
itemTextLog length: 306
spoken sample: [
  'document',
  'banner',
  'link, home, current page',
  'link, Home, current page',
  'link, Product',
  'link, Company',
  'link, Careers',
  'link, News',
  'list',
  'listitem, level 1, position 1, set size 1'
]
item sample: [
  '',        '',
  'home',    'Home',
  'Product', 'Company',
  'Careers', 'News',
  '',        ''
]
Saved virtual screenreader report: /Users/user/code/systemic-accessibility-analyzer/tools/jobs/faunarobotics-20260728-174103/reports/virtual-screenreader/faunarobotics.com.json
Virtual screenreader loading: https://faunarobotics.com/product
Could not parse CSS stylesheet
virtual.detect: true
body child count: 15
initial lastSpokenPhrase: document
virtual guard count: 428
spokenPhraseLog length: 429
itemTextLog length: 429
spoken sample: [
  'document',
  'banner',
  'link, home',
  'link, Home',
  'link, Product, current page',
  'link, Company',
  'link, Careers',
  'link, News',
  'list',
  'listitem, level 1, position 1, set size 1'
]
item sample: [
  '',        '',
  'home',    'Home',
  'Product', 'Company',
  'Careers', 'News',
  '',        ''
]
Could not parse CSS stylesheet
Saved virtual screenreader report: /Users/user/code/systemic-accessibility-analyzer/tools/jobs/faunarobotics-20260728-174103/reports/virtual-screenreader/faunarobotics.com-product.json
Virtual screenreader loading: https://faunarobotics.com/company
virtual.detect: true
body child count: 15
initial lastSpokenPhrase: document
virtual guard count: 154
spokenPhraseLog length: 155
itemTextLog length: 155
spoken sample: [
  'document',
  'banner',
  'link, home',
  'link, Home',
  'link, Product',
  'link, Company, current page',
  'link, Careers',
  'link, News',
  'list',
  'listitem, level 1, position 1, set size 1'
]
item sample: [
  '',        '',
  'home',    'Home',
  'Product', 'Company',
  'Careers', 'News',
  '',        ''
]
Saved virtual screenreader report: /Users/user/code/systemic-accessibility-analyzer/tools/jobs/faunarobotics-20260728-174103/reports/virtual-screenreader/faunarobotics.com-company.json
Virtual screenreader loading: https://faunarobotics.com/news
virtual.detect: true
body child count: 13
initial lastSpokenPhrase: document
virtual guard count: 142
spokenPhraseLog length: 143
itemTextLog length: 143
spoken sample: [
  'document',
  'banner',
  'link, home',
  'link, Home',
  'link, Product',
  'link, Company',
  'link, Careers',
  'link, News, current page',
  'list',
  'listitem, level 1, position 1, set size 1'
]
item sample: [
  '',        '',
  'home',    'Home',
  'Product', 'Company',
  'Careers', 'News',
  '',        ''
]
Saved virtual screenreader report: /Users/user/code/systemic-accessibility-analyzer/tools/jobs/faunarobotics-20260728-174103/reports/virtual-screenreader/faunarobotics.com-news.json
Virtual screenreader loading: https://faunarobotics.com/data-processing
virtual.detect: true
body child count: 13
initial lastSpokenPhrase: document
virtual guard count: 263
spokenPhraseLog length: 264
itemTextLog length: 264
spoken sample: [
  'document',
  'banner',
  'link, home',
  'link, Home',
  'link, Product',
  'link, Company',
  'link, Careers',
  'link, News',
  'list',
  'listitem, level 1, position 1, set size 1'
]
item sample: [
  '',        '',
  'home',    'Home',
  'Product', 'Company',
  'Careers', 'News',
  '',        ''
]
Saved virtual screenreader report: /Users/user/code/systemic-accessibility-analyzer/tools/jobs/faunarobotics-20260728-174103/reports/virtual-screenreader/faunarobotics.com-data-processing.json
